I'm sorry, but errors were detected in your script. Please correct the
errors listed below, and try again.


File "game/my_screens.rpy", line 60: 'grid' is not a keyword argument or valid child for the imagebutton statement.
    grid 3 2:
        ^

Ren'Py Version: Ren'Py 8.0.3.22090809
Tue Jun 13 17:00:27 2023
